// Jest Snapshot v1, https://goo.gl/fbAQLP

exports[`Welcome component should render as expected 1`] = `
<h1
  className="welcome"
>
  Hello from 
  Javascript
   and 
  React
  !
</h1>
`;
